2026-08-24T19:47:12,324524912-04:00
--- recovery-bundle ---
bt_watchdog.py: OK
e2973a4c9a3ff8098fae4b6a511e5d00ec8c472f9fc508fb5f39e9e584206773  bt_watchdog.py
700 root:root .
755 admin:admin bt_watchdog.py
600 root:root SHA256SUMS
--- config-slots ---
8d8bb69020a246879ad94fac3736f54367e5b31e838b8a6751c57e867a5a06f4  /home/admin/rpi-lark-bridge/config/bridge.toml
14:mode = "bluetooth"
17:[devices.output]
19:id = "a2dp:C9:5C:FD:6E:28:46"
20:address = "C9:5C:FD:6E:28:46"
21:reconnect = true
8d8bb69020a246879ad94fac3736f54367e5b31e838b8a6751c57e867a5a06f4  /var/lib/larkbridge-persist/config/slot-a/bridge.toml
14:mode = "bluetooth"
17:[devices.output]
19:id = "a2dp:C9:5C:FD:6E:28:46"
20:address = "C9:5C:FD:6E:28:46"
21:reconnect = true
7a0ea39c6144d352e889d4f541adf9afcbcffa5e78f3036b4e9ddda22c7bbde2  /var/lib/larkbridge-persist/config/slot-b/bridge.toml
14:mode = "bluetooth"
17:[devices.output]
19:id = "a2dp:98:47:44:CD:73:DE"
20:address = "98:47:44:CD:73:DE"
21:reconnect = true
--- a40-hci0 ---
.Address           property  s         "98:47:44:CD:73:DE"                                                                                                                                                                                                                                                                                                                                                                                                                                                                                                                                                                                         emits-change
.Bonded            property  b         true                                                                                                                                                                                                                                                                                                                                                                                                                                                                                                                                                                                                        emits-change
.Connected         property  b         false                                                                                                                                                                                                                                                                                                                                                                                                                                                                                                                                                                                                       emits-change
.Name              property  s         "Soundcore Space A40"                                                                                                                                                                                                                                                                                                                                                                                                                                                                                                                                                                                       emits-change
.Paired            property  b         true                                                                                                                                                                                                                                                                                                                                                                                                                                                                                                                                                                                                        emits-change
.Trusted           property  b         false                                                                                                                                                                                                                                                                                                                                                                                                                                                                                                                                                                                                       emits-change writable
.UUIDs             property  as        15 "00000000-0000-1000-8000-00805f9b34fb" "00001000-0000-1000-8000-00805f9b34fb" "00001101-0000-1000-8000-00805f9b34fb" "0000110b-0000-1000-8000-00805f9b34fb" "0000110c-0000-1000-8000-00805f9b34fb" "0000110d-0000-1000-8000-00805f9b34fb" "0000110e-0000-1000-8000-00805f9b34fb" "0000110f-0000-1000-8000-00805f9b34fb" "0000111e-0000-1000-8000-00805f9b34fb" "0000112e-0000-1000-8000-00805f9b34fb" "00001203-0000-1000-8000-00805f9b34fb" "00007034-0000-1000-8000-00805f9b34fb" "00007056-0000-1000-8000-00805f9b34fb" "0cf12d31-fac3-4553-bd80-d6832e7b3936" "df21fe2c-2515-4fdb-8886-f12c4d67927c" emits-change
--- a40-hci1 ---
.Address           property  s         "98:47:44:CD:73:DE"                                                                                                                                                                                                                                                                                                                                                                                                                                                                                                                                                                                         emits-change
.Bonded            property  b         true                                                                                                                                                                                                                                                                                                                                                                                                                                                                                                                                                                                                        emits-change
.Connected         property  b         false                                                                                                                                                                                                                                                                                                                                                                                                                                                                                                                                                                                                       emits-change
.Name              property  s         "Soundcore Space A40"                                                                                                                                                                                                                                                                                                                                                                                                                                                                                                                                                                                       emits-change
.Paired            property  b         true                                                                                                                                                                                                                                                                                                                                                                                                                                                                                                                                                                                                        emits-change
.Trusted           property  b         true                                                                                                                                                                                                                                                                                                                                                                                                                                                                                                                                                                                                        emits-change writable
.UUIDs             property  as        15 "00001000-0000-1000-8000-00805f9b34fb" "00001101-0000-1000-8000-00805f9b34fb" "0000110b-0000-1000-8000-00805f9b34fb" "0000110c-0000-1000-8000-00805f9b34fb" "0000110e-0000-1000-8000-00805f9b34fb" "0000110f-0000-1000-8000-00805f9b34fb" "0000111e-0000-1000-8000-00805f9b34fb" "0000112e-0000-1000-8000-00805f9b34fb" "00001133-0000-1000-8000-00805f9b34fb" "00001200-0000-1000-8000-00805f9b34fb" "00001203-0000-1000-8000-00805f9b34fb" "00007034-0000-1000-8000-00805f9b34fb" "00007056-0000-1000-8000-00805f9b34fb" "0cf12d31-fac3-4553-bd80-d6832e7b3936" "df21fe2c-2515-4fdb-8886-f12c4d67927c" emits-change
--- root-seal ---
/media/root-ro /dev/mmcblk0p2 ext4 ro,relatime
--- storage ---
{"config_slot":"a","config_source":"slot-a","mount":"/dev/mmcblk0p3 mounted ext4,rw","pairing_action":"live-valid","pairing_slot":null,"persistent":true,"reasons":[],"schema":1,"seed_action":"existing","state":"READY"}
