2026-08-24T18:45:14,288448573-04:00
{"state":"CALL_DOWN","call":false,"output":{"desired":"wired:alsa_output.platform-3f00b840.mailbox.stereo-fallback","chosen":"wired:alsa_output.platform-3f00b840.mailbox.stereo-fallback","reason":"desired output is available","candidates":[{"id":"wired:alsa_output.platform-3f00b840.mailbox.stereo-fallback","present":true,"connected":true,"adapter":null,"adapter_address":null,"setup_state":"ready"},{"id":"a2dp:C9:5C:FD:6E:28:46","present":false,"connected":false,"adapter":"hci1","adapter_address":"A0:AD:9F:73:6C:24","setup_state":"ready"},{"id":"a2dp:50:D7:1B:74:34:D6","present":false,"connected":false,"adapter":"hci1","adapter_address":"A0:AD:9F:73:6C:24","setup_state":"ready"},{"id":"a2dp:98:47:44:CD:73:DE","present":false,"connected":false,"adapter":"hci0","adapter_address":"B8:27:EB:43:8D:51","setup_state":"needs_setup"}]}}
/org/bluez/hci0/dev_98_47_44_CD_73_DE b true
/org/bluez/hci1/dev_98_47_44_CD_73_DE absent
2026-08-24T18:45:15,419792733-04:00
{"state":"CALL_DOWN","call":false,"output":{"desired":"wired:alsa_output.platform-3f00b840.mailbox.stereo-fallback","chosen":"wired:alsa_output.platform-3f00b840.mailbox.stereo-fallback","reason":"desired output is available","candidates":[{"id":"wired:alsa_output.platform-3f00b840.mailbox.stereo-fallback","present":true,"connected":true,"adapter":null,"adapter_address":null,"setup_state":"ready"},{"id":"a2dp:C9:5C:FD:6E:28:46","present":false,"connected":false,"adapter":"hci1","adapter_address":"A0:AD:9F:73:6C:24","setup_state":"ready"},{"id":"a2dp:50:D7:1B:74:34:D6","present":false,"connected":false,"adapter":"hci1","adapter_address":"A0:AD:9F:73:6C:24","setup_state":"ready"},{"id":"a2dp:98:47:44:CD:73:DE","present":false,"connected":false,"adapter":"hci0","adapter_address":"B8:27:EB:43:8D:51","setup_state":"needs_setup"}]}}
/org/bluez/hci0/dev_98_47_44_CD_73_DE b true
/org/bluez/hci1/dev_98_47_44_CD_73_DE absent
2026-08-24T18:45:16,501344204-04:00
{"state":"CALL_DOWN","call":false,"output":{"desired":"wired:alsa_output.platform-3f00b840.mailbox.stereo-fallback","chosen":"wired:alsa_output.platform-3f00b840.mailbox.stereo-fallback","reason":"desired output is available","candidates":[{"id":"wired:alsa_output.platform-3f00b840.mailbox.stereo-fallback","present":true,"connected":true,"adapter":null,"adapter_address":null,"setup_state":"ready"},{"id":"a2dp:C9:5C:FD:6E:28:46","present":false,"connected":false,"adapter":"hci1","adapter_address":"A0:AD:9F:73:6C:24","setup_state":"ready"},{"id":"a2dp:50:D7:1B:74:34:D6","present":false,"connected":false,"adapter":"hci1","adapter_address":"A0:AD:9F:73:6C:24","setup_state":"ready"},{"id":"a2dp:98:47:44:CD:73:DE","present":false,"connected":false,"adapter":"hci0","adapter_address":"B8:27:EB:43:8D:51","setup_state":"needs_setup"}]}}
/org/bluez/hci0/dev_98_47_44_CD_73_DE b true
/org/bluez/hci1/dev_98_47_44_CD_73_DE absent
2026-08-24T18:45:17,574308940-04:00
{"state":"CALL_DOWN","call":false,"output":{"desired":"wired:alsa_output.platform-3f00b840.mailbox.stereo-fallback","chosen":"wired:alsa_output.platform-3f00b840.mailbox.stereo-fallback","reason":"desired output is available","candidates":[{"id":"wired:alsa_output.platform-3f00b840.mailbox.stereo-fallback","present":true,"connected":true,"adapter":null,"adapter_address":null,"setup_state":"ready"},{"id":"a2dp:C9:5C:FD:6E:28:46","present":false,"connected":false,"adapter":"hci1","adapter_address":"A0:AD:9F:73:6C:24","setup_state":"ready"},{"id":"a2dp:50:D7:1B:74:34:D6","present":false,"connected":false,"adapter":"hci1","adapter_address":"A0:AD:9F:73:6C:24","setup_state":"ready"},{"id":"a2dp:98:47:44:CD:73:DE","present":false,"connected":false,"adapter":"hci0","adapter_address":"B8:27:EB:43:8D:51","setup_state":"needs_setup"}]}}
/org/bluez/hci0/dev_98_47_44_CD_73_DE b true
/org/bluez/hci1/dev_98_47_44_CD_73_DE absent
2026-08-24T18:45:18,659740752-04:00
{"state":"CALL_DOWN","call":false,"output":{"desired":"wired:alsa_output.platform-3f00b840.mailbox.stereo-fallback","chosen":"wired:alsa_output.platform-3f00b840.mailbox.stereo-fallback","reason":"desired output is available","candidates":[{"id":"wired:alsa_output.platform-3f00b840.mailbox.stereo-fallback","present":true,"connected":true,"adapter":null,"adapter_address":null,"setup_state":"ready"},{"id":"a2dp:C9:5C:FD:6E:28:46","present":false,"connected":false,"adapter":"hci1","adapter_address":"A0:AD:9F:73:6C:24","setup_state":"ready"},{"id":"a2dp:50:D7:1B:74:34:D6","present":false,"connected":false,"adapter":"hci1","adapter_address":"A0:AD:9F:73:6C:24","setup_state":"ready"},{"id":"a2dp:98:47:44:CD:73:DE","present":false,"connected":false,"adapter":"hci0","adapter_address":"B8:27:EB:43:8D:51","setup_state":"needs_setup"}]}}
/org/bluez/hci0/dev_98_47_44_CD_73_DE b true
/org/bluez/hci1/dev_98_47_44_CD_73_DE absent
2026-08-24T18:45:19,732286527-04:00
{"state":"CALL_DOWN","call":false,"output":{"desired":"wired:alsa_output.platform-3f00b840.mailbox.stereo-fallback","chosen":"wired:alsa_output.platform-3f00b840.mailbox.stereo-fallback","reason":"desired output is available","candidates":[{"id":"wired:alsa_output.platform-3f00b840.mailbox.stereo-fallback","present":true,"connected":true,"adapter":null,"adapter_address":null,"setup_state":"ready"},{"id":"a2dp:C9:5C:FD:6E:28:46","present":false,"connected":false,"adapter":"hci1","adapter_address":"A0:AD:9F:73:6C:24","setup_state":"ready"},{"id":"a2dp:50:D7:1B:74:34:D6","present":false,"connected":false,"adapter":"hci1","adapter_address":"A0:AD:9F:73:6C:24","setup_state":"ready"},{"id":"a2dp:98:47:44:CD:73:DE","present":false,"connected":false,"adapter":"hci0","adapter_address":"B8:27:EB:43:8D:51","setup_state":"needs_setup"}]}}
/org/bluez/hci0/dev_98_47_44_CD_73_DE b true
/org/bluez/hci1/dev_98_47_44_CD_73_DE absent
2026-08-24T18:45:20,808738896-04:00
{"state":"CALL_DOWN","call":false,"output":{"desired":"wired:alsa_output.platform-3f00b840.mailbox.stereo-fallback","chosen":"wired:alsa_output.platform-3f00b840.mailbox.stereo-fallback","reason":"desired output is available","candidates":[{"id":"wired:alsa_output.platform-3f00b840.mailbox.stereo-fallback","present":true,"connected":true,"adapter":null,"adapter_address":null,"setup_state":"ready"},{"id":"a2dp:C9:5C:FD:6E:28:46","present":false,"connected":false,"adapter":"hci1","adapter_address":"A0:AD:9F:73:6C:24","setup_state":"ready"},{"id":"a2dp:50:D7:1B:74:34:D6","present":false,"connected":false,"adapter":"hci1","adapter_address":"A0:AD:9F:73:6C:24","setup_state":"ready"},{"id":"a2dp:98:47:44:CD:73:DE","present":false,"connected":false,"adapter":"hci0","adapter_address":"B8:27:EB:43:8D:51","setup_state":"needs_setup"}]}}
/org/bluez/hci0/dev_98_47_44_CD_73_DE b true
/org/bluez/hci1/dev_98_47_44_CD_73_DE absent
2026-08-24T18:45:21,882150079-04:00
{"state":"CALL_DOWN","call":false,"output":{"desired":"wired:alsa_output.platform-3f00b840.mailbox.stereo-fallback","chosen":"wired:alsa_output.platform-3f00b840.mailbox.stereo-fallback","reason":"desired output is available","candidates":[{"id":"wired:alsa_output.platform-3f00b840.mailbox.stereo-fallback","present":true,"connected":true,"adapter":null,"adapter_address":null,"setup_state":"ready"},{"id":"a2dp:C9:5C:FD:6E:28:46","present":false,"connected":false,"adapter":"hci1","adapter_address":"A0:AD:9F:73:6C:24","setup_state":"ready"},{"id":"a2dp:50:D7:1B:74:34:D6","present":false,"connected":false,"adapter":"hci1","adapter_address":"A0:AD:9F:73:6C:24","setup_state":"ready"},{"id":"a2dp:98:47:44:CD:73:DE","present":false,"connected":false,"adapter":"hci0","adapter_address":"B8:27:EB:43:8D:51","setup_state":"needs_setup"}]}}
/org/bluez/hci0/dev_98_47_44_CD_73_DE b true
/org/bluez/hci1/dev_98_47_44_CD_73_DE absent
2026-08-24T18:45:22,954864648-04:00
{"state":"CALL_DOWN","call":false,"output":{"desired":"wired:alsa_output.platform-3f00b840.mailbox.stereo-fallback","chosen":"wired:alsa_output.platform-3f00b840.mailbox.stereo-fallback","reason":"desired output is available","candidates":[{"id":"wired:alsa_output.platform-3f00b840.mailbox.stereo-fallback","present":true,"connected":true,"adapter":null,"adapter_address":null,"setup_state":"ready"},{"id":"a2dp:C9:5C:FD:6E:28:46","present":false,"connected":false,"adapter":"hci1","adapter_address":"A0:AD:9F:73:6C:24","setup_state":"ready"},{"id":"a2dp:50:D7:1B:74:34:D6","present":false,"connected":false,"adapter":"hci1","adapter_address":"A0:AD:9F:73:6C:24","setup_state":"ready"},{"id":"a2dp:98:47:44:CD:73:DE","present":false,"connected":false,"adapter":"hci0","adapter_address":"B8:27:EB:43:8D:51","setup_state":"needs_setup"}]}}
/org/bluez/hci0/dev_98_47_44_CD_73_DE b true
/org/bluez/hci1/dev_98_47_44_CD_73_DE absent
2026-08-24T18:45:24,027673484-04:00
{"state":"CALL_DOWN","call":false,"output":{"desired":"wired:alsa_output.platform-3f00b840.mailbox.stereo-fallback","chosen":"wired:alsa_output.platform-3f00b840.mailbox.stereo-fallback","reason":"desired output is available","candidates":[{"id":"wired:alsa_output.platform-3f00b840.mailbox.stereo-fallback","present":true,"connected":true,"adapter":null,"adapter_address":null,"setup_state":"ready"},{"id":"a2dp:C9:5C:FD:6E:28:46","present":false,"connected":false,"adapter":"hci1","adapter_address":"A0:AD:9F:73:6C:24","setup_state":"ready"},{"id":"a2dp:50:D7:1B:74:34:D6","present":false,"connected":false,"adapter":"hci1","adapter_address":"A0:AD:9F:73:6C:24","setup_state":"ready"},{"id":"a2dp:98:47:44:CD:73:DE","present":false,"connected":false,"adapter":"hci0","adapter_address":"B8:27:EB:43:8D:51","setup_state":"needs_setup"}]}}
/org/bluez/hci0/dev_98_47_44_CD_73_DE b true
/org/bluez/hci1/dev_98_47_44_CD_73_DE absent
2026-08-24T18:45:25,110813207-04:00
{"state":"CALL_DOWN","call":false,"output":{"desired":"wired:alsa_output.platform-3f00b840.mailbox.stereo-fallback","chosen":"wired:alsa_output.platform-3f00b840.mailbox.stereo-fallback","reason":"desired output is available","candidates":[{"id":"wired:alsa_output.platform-3f00b840.mailbox.stereo-fallback","present":true,"connected":true,"adapter":null,"adapter_address":null,"setup_state":"ready"},{"id":"a2dp:C9:5C:FD:6E:28:46","present":false,"connected":false,"adapter":"hci1","adapter_address":"A0:AD:9F:73:6C:24","setup_state":"ready"},{"id":"a2dp:50:D7:1B:74:34:D6","present":false,"connected":false,"adapter":"hci1","adapter_address":"A0:AD:9F:73:6C:24","setup_state":"ready"},{"id":"a2dp:98:47:44:CD:73:DE","present":false,"connected":false,"adapter":"hci0","adapter_address":"B8:27:EB:43:8D:51","setup_state":"needs_setup"}]}}
/org/bluez/hci0/dev_98_47_44_CD_73_DE b true
/org/bluez/hci1/dev_98_47_44_CD_73_DE absent
2026-08-24T18:45:26,183937662-04:00
{"state":"CALL_DOWN","call":false,"output":{"desired":"wired:alsa_output.platform-3f00b840.mailbox.stereo-fallback","chosen":"wired:alsa_output.platform-3f00b840.mailbox.stereo-fallback","reason":"desired output is available","candidates":[{"id":"wired:alsa_output.platform-3f00b840.mailbox.stereo-fallback","present":true,"connected":true,"adapter":null,"adapter_address":null,"setup_state":"ready"},{"id":"a2dp:C9:5C:FD:6E:28:46","present":false,"connected":false,"adapter":"hci1","adapter_address":"A0:AD:9F:73:6C:24","setup_state":"ready"},{"id":"a2dp:50:D7:1B:74:34:D6","present":false,"connected":false,"adapter":"hci1","adapter_address":"A0:AD:9F:73:6C:24","setup_state":"ready"},{"id":"a2dp:98:47:44:CD:73:DE","present":false,"connected":false,"adapter":"hci0","adapter_address":"B8:27:EB:43:8D:51","setup_state":"needs_setup"}]}}
/org/bluez/hci0/dev_98_47_44_CD_73_DE b true
/org/bluez/hci1/dev_98_47_44_CD_73_DE absent
2026-08-24T18:45:27,256888469-04:00
{"state":"CALL_DOWN","call":false,"output":{"desired":"wired:alsa_output.platform-3f00b840.mailbox.stereo-fallback","chosen":"wired:alsa_output.platform-3f00b840.mailbox.stereo-fallback","reason":"desired output is available","candidates":[{"id":"wired:alsa_output.platform-3f00b840.mailbox.stereo-fallback","present":true,"connected":true,"adapter":null,"adapter_address":null,"setup_state":"ready"},{"id":"a2dp:C9:5C:FD:6E:28:46","present":false,"connected":false,"adapter":"hci1","adapter_address":"A0:AD:9F:73:6C:24","setup_state":"ready"},{"id":"a2dp:50:D7:1B:74:34:D6","present":false,"connected":false,"adapter":"hci1","adapter_address":"A0:AD:9F:73:6C:24","setup_state":"ready"},{"id":"a2dp:98:47:44:CD:73:DE","present":false,"connected":false,"adapter":"hci0","adapter_address":"B8:27:EB:43:8D:51","setup_state":"needs_setup"}]}}
/org/bluez/hci0/dev_98_47_44_CD_73_DE b true
/org/bluez/hci1/dev_98_47_44_CD_73_DE absent
2026-08-24T18:45:28,329342037-04:00
{"state":"CALL_DOWN","call":false,"output":{"desired":"wired:alsa_output.platform-3f00b840.mailbox.stereo-fallback","chosen":"wired:alsa_output.platform-3f00b840.mailbox.stereo-fallback","reason":"desired output is available","candidates":[{"id":"wired:alsa_output.platform-3f00b840.mailbox.stereo-fallback","present":true,"connected":true,"adapter":null,"adapter_address":null,"setup_state":"ready"},{"id":"a2dp:C9:5C:FD:6E:28:46","present":false,"connected":false,"adapter":"hci1","adapter_address":"A0:AD:9F:73:6C:24","setup_state":"ready"},{"id":"a2dp:50:D7:1B:74:34:D6","present":false,"connected":false,"adapter":"hci1","adapter_address":"A0:AD:9F:73:6C:24","setup_state":"ready"},{"id":"a2dp:98:47:44:CD:73:DE","present":false,"connected":false,"adapter":"hci0","adapter_address":"B8:27:EB:43:8D:51","setup_state":"needs_setup"}]}}
/org/bluez/hci0/dev_98_47_44_CD_73_DE b true
/org/bluez/hci1/dev_98_47_44_CD_73_DE absent
2026-08-24T18:45:29,402635285-04:00
{"state":"CALL_DOWN","call":false,"output":{"desired":"wired:alsa_output.platform-3f00b840.mailbox.stereo-fallback","chosen":"wired:alsa_output.platform-3f00b840.mailbox.stereo-fallback","reason":"desired output is available","candidates":[{"id":"wired:alsa_output.platform-3f00b840.mailbox.stereo-fallback","present":true,"connected":true,"adapter":null,"adapter_address":null,"setup_state":"ready"},{"id":"a2dp:C9:5C:FD:6E:28:46","present":false,"connected":false,"adapter":"hci1","adapter_address":"A0:AD:9F:73:6C:24","setup_state":"ready"},{"id":"a2dp:50:D7:1B:74:34:D6","present":false,"connected":false,"adapter":"hci1","adapter_address":"A0:AD:9F:73:6C:24","setup_state":"ready"},{"id":"a2dp:98:47:44:CD:73:DE","present":false,"connected":false,"adapter":"hci0","adapter_address":"B8:27:EB:43:8D:51","setup_state":"needs_setup"}]}}
/org/bluez/hci0/dev_98_47_44_CD_73_DE b true
/org/bluez/hci1/dev_98_47_44_CD_73_DE absent
2026-08-24T18:45:30,475628793-04:00
{"state":"CALL_DOWN","call":false,"output":{"desired":"wired:alsa_output.platform-3f00b840.mailbox.stereo-fallback","chosen":"wired:alsa_output.platform-3f00b840.mailbox.stereo-fallback","reason":"desired output is available","candidates":[{"id":"wired:alsa_output.platform-3f00b840.mailbox.stereo-fallback","present":true,"connected":true,"adapter":null,"adapter_address":null,"setup_state":"ready"},{"id":"a2dp:C9:5C:FD:6E:28:46","present":false,"connected":false,"adapter":"hci1","adapter_address":"A0:AD:9F:73:6C:24","setup_state":"ready"},{"id":"a2dp:50:D7:1B:74:34:D6","present":false,"connected":false,"adapter":"hci1","adapter_address":"A0:AD:9F:73:6C:24","setup_state":"ready"},{"id":"a2dp:98:47:44:CD:73:DE","present":false,"connected":false,"adapter":"hci0","adapter_address":"B8:27:EB:43:8D:51","setup_state":"needs_setup"}]}}
/org/bluez/hci0/dev_98_47_44_CD_73_DE b true
/org/bluez/hci1/dev_98_47_44_CD_73_DE absent
2026-08-24T18:45:31,548701777-04:00
{"state":"CALL_DOWN","call":false,"output":{"desired":"wired:alsa_output.platform-3f00b840.mailbox.stereo-fallback","chosen":"wired:alsa_output.platform-3f00b840.mailbox.stereo-fallback","reason":"desired output is available","candidates":[{"id":"wired:alsa_output.platform-3f00b840.mailbox.stereo-fallback","present":true,"connected":true,"adapter":null,"adapter_address":null,"setup_state":"ready"},{"id":"a2dp:C9:5C:FD:6E:28:46","present":false,"connected":false,"adapter":"hci1","adapter_address":"A0:AD:9F:73:6C:24","setup_state":"ready"},{"id":"a2dp:50:D7:1B:74:34:D6","present":false,"connected":false,"adapter":"hci1","adapter_address":"A0:AD:9F:73:6C:24","setup_state":"ready"},{"id":"a2dp:98:47:44:CD:73:DE","present":false,"connected":false,"adapter":"hci0","adapter_address":"B8:27:EB:43:8D:51","setup_state":"needs_setup"}]}}
/org/bluez/hci0/dev_98_47_44_CD_73_DE b true
/org/bluez/hci1/dev_98_47_44_CD_73_DE absent
2026-08-24T18:45:32,621963872-04:00
{"state":"CALL_DOWN","call":false,"output":{"desired":"wired:alsa_output.platform-3f00b840.mailbox.stereo-fallback","chosen":"wired:alsa_output.platform-3f00b840.mailbox.stereo-fallback","reason":"desired output is available","candidates":[{"id":"wired:alsa_output.platform-3f00b840.mailbox.stereo-fallback","present":true,"connected":true,"adapter":null,"adapter_address":null,"setup_state":"ready"},{"id":"a2dp:C9:5C:FD:6E:28:46","present":false,"connected":false,"adapter":"hci1","adapter_address":"A0:AD:9F:73:6C:24","setup_state":"ready"},{"id":"a2dp:50:D7:1B:74:34:D6","present":false,"connected":false,"adapter":"hci1","adapter_address":"A0:AD:9F:73:6C:24","setup_state":"ready"},{"id":"a2dp:98:47:44:CD:73:DE","present":false,"connected":false,"adapter":"hci0","adapter_address":"B8:27:EB:43:8D:51","setup_state":"needs_setup"}]}}
/org/bluez/hci0/dev_98_47_44_CD_73_DE b true
/org/bluez/hci1/dev_98_47_44_CD_73_DE absent
2026-08-24T18:45:33,695021538-04:00
{"state":"CALL_DOWN","call":false,"output":{"desired":"wired:alsa_output.platform-3f00b840.mailbox.stereo-fallback","chosen":"wired:alsa_output.platform-3f00b840.mailbox.stereo-fallback","reason":"desired output is available","candidates":[{"id":"wired:alsa_output.platform-3f00b840.mailbox.stereo-fallback","present":true,"connected":true,"adapter":null,"adapter_address":null,"setup_state":"ready"},{"id":"a2dp:C9:5C:FD:6E:28:46","present":false,"connected":false,"adapter":"hci1","adapter_address":"A0:AD:9F:73:6C:24","setup_state":"ready"},{"id":"a2dp:50:D7:1B:74:34:D6","present":false,"connected":false,"adapter":"hci1","adapter_address":"A0:AD:9F:73:6C:24","setup_state":"ready"},{"id":"a2dp:98:47:44:CD:73:DE","present":false,"connected":false,"adapter":"hci0","adapter_address":"B8:27:EB:43:8D:51","setup_state":"needs_setup"}]}}
/org/bluez/hci0/dev_98_47_44_CD_73_DE b true
/org/bluez/hci1/dev_98_47_44_CD_73_DE absent
2026-08-24T18:45:34,767955297-04:00
{"state":"CALL_DOWN","call":false,"output":{"desired":"wired:alsa_output.platform-3f00b840.mailbox.stereo-fallback","chosen":"wired:alsa_output.platform-3f00b840.mailbox.stereo-fallback","reason":"desired output is available","candidates":[{"id":"wired:alsa_output.platform-3f00b840.mailbox.stereo-fallback","present":true,"connected":true,"adapter":null,"adapter_address":null,"setup_state":"ready"},{"id":"a2dp:C9:5C:FD:6E:28:46","present":false,"connected":false,"adapter":"hci1","adapter_address":"A0:AD:9F:73:6C:24","setup_state":"ready"},{"id":"a2dp:50:D7:1B:74:34:D6","present":false,"connected":false,"adapter":"hci1","adapter_address":"A0:AD:9F:73:6C:24","setup_state":"ready"},{"id":"a2dp:98:47:44:CD:73:DE","present":false,"connected":false,"adapter":"hci0","adapter_address":"B8:27:EB:43:8D:51","setup_state":"needs_setup"}]}}
/org/bluez/hci0/dev_98_47_44_CD_73_DE b true
/org/bluez/hci1/dev_98_47_44_CD_73_DE absent
2026-08-24T18:45:35,840818636-04:00
{"state":"CALL_DOWN","call":false,"output":{"desired":"wired:alsa_output.platform-3f00b840.mailbox.stereo-fallback","chosen":"wired:alsa_output.platform-3f00b840.mailbox.stereo-fallback","reason":"desired output is available","candidates":[{"id":"wired:alsa_output.platform-3f00b840.mailbox.stereo-fallback","present":true,"connected":true,"adapter":null,"adapter_address":null,"setup_state":"ready"},{"id":"a2dp:C9:5C:FD:6E:28:46","present":false,"connected":false,"adapter":"hci1","adapter_address":"A0:AD:9F:73:6C:24","setup_state":"ready"},{"id":"a2dp:50:D7:1B:74:34:D6","present":false,"connected":false,"adapter":"hci1","adapter_address":"A0:AD:9F:73:6C:24","setup_state":"ready"},{"id":"a2dp:98:47:44:CD:73:DE","present":false,"connected":false,"adapter":"hci0","adapter_address":"B8:27:EB:43:8D:51","setup_state":"needs_setup"}]}}
/org/bluez/hci0/dev_98_47_44_CD_73_DE b true
/org/bluez/hci1/dev_98_47_44_CD_73_DE absent
2026-08-24T18:45:36,913936555-04:00
{"state":"CALL_DOWN","call":false,"output":{"desired":"wired:alsa_output.platform-3f00b840.mailbox.stereo-fallback","chosen":"wired:alsa_output.platform-3f00b840.mailbox.stereo-fallback","reason":"desired output is available","candidates":[{"id":"wired:alsa_output.platform-3f00b840.mailbox.stereo-fallback","present":true,"connected":true,"adapter":null,"adapter_address":null,"setup_state":"ready"},{"id":"a2dp:C9:5C:FD:6E:28:46","present":false,"connected":false,"adapter":"hci1","adapter_address":"A0:AD:9F:73:6C:24","setup_state":"ready"},{"id":"a2dp:50:D7:1B:74:34:D6","present":false,"connected":false,"adapter":"hci1","adapter_address":"A0:AD:9F:73:6C:24","setup_state":"ready"},{"id":"a2dp:98:47:44:CD:73:DE","present":false,"connected":false,"adapter":"hci0","adapter_address":"B8:27:EB:43:8D:51","setup_state":"needs_setup"}]}}
/org/bluez/hci0/dev_98_47_44_CD_73_DE b true
/org/bluez/hci1/dev_98_47_44_CD_73_DE absent
2026-08-24T18:45:37,987082909-04:00
{"state":"CALL_DOWN","call":false,"output":{"desired":"wired:alsa_output.platform-3f00b840.mailbox.stereo-fallback","chosen":"wired:alsa_output.platform-3f00b840.mailbox.stereo-fallback","reason":"desired output is available","candidates":[{"id":"wired:alsa_output.platform-3f00b840.mailbox.stereo-fallback","present":true,"connected":true,"adapter":null,"adapter_address":null,"setup_state":"ready"},{"id":"a2dp:C9:5C:FD:6E:28:46","present":false,"connected":false,"adapter":"hci1","adapter_address":"A0:AD:9F:73:6C:24","setup_state":"ready"},{"id":"a2dp:50:D7:1B:74:34:D6","present":false,"connected":false,"adapter":"hci1","adapter_address":"A0:AD:9F:73:6C:24","setup_state":"ready"},{"id":"a2dp:98:47:44:CD:73:DE","present":false,"connected":false,"adapter":"hci0","adapter_address":"B8:27:EB:43:8D:51","setup_state":"needs_setup"}]}}
/org/bluez/hci0/dev_98_47_44_CD_73_DE b true
/org/bluez/hci1/dev_98_47_44_CD_73_DE absent
2026-08-24T18:45:39,060636134-04:00
{"state":"CALL_DOWN","call":false,"output":{"desired":"wired:alsa_output.platform-3f00b840.mailbox.stereo-fallback","chosen":"wired:alsa_output.platform-3f00b840.mailbox.stereo-fallback","reason":"desired output is available","candidates":[{"id":"wired:alsa_output.platform-3f00b840.mailbox.stereo-fallback","present":true,"connected":true,"adapter":null,"adapter_address":null,"setup_state":"ready"},{"id":"a2dp:C9:5C:FD:6E:28:46","present":false,"connected":false,"adapter":"hci1","adapter_address":"A0:AD:9F:73:6C:24","setup_state":"ready"},{"id":"a2dp:50:D7:1B:74:34:D6","present":false,"connected":false,"adapter":"hci1","adapter_address":"A0:AD:9F:73:6C:24","setup_state":"ready"},{"id":"a2dp:98:47:44:CD:73:DE","present":false,"connected":false,"adapter":"hci0","adapter_address":"B8:27:EB:43:8D:51","setup_state":"needs_setup"}]}}
/org/bluez/hci0/dev_98_47_44_CD_73_DE b true
/org/bluez/hci1/dev_98_47_44_CD_73_DE absent
2026-08-24T18:45:40,133456963-04:00
{"state":"CALL_DOWN","call":false,"output":{"desired":"wired:alsa_output.platform-3f00b840.mailbox.stereo-fallback","chosen":"wired:alsa_output.platform-3f00b840.mailbox.stereo-fallback","reason":"desired output is available","candidates":[{"id":"wired:alsa_output.platform-3f00b840.mailbox.stereo-fallback","present":true,"connected":true,"adapter":null,"adapter_address":null,"setup_state":"ready"},{"id":"a2dp:C9:5C:FD:6E:28:46","present":false,"connected":false,"adapter":"hci1","adapter_address":"A0:AD:9F:73:6C:24","setup_state":"ready"},{"id":"a2dp:50:D7:1B:74:34:D6","present":false,"connected":false,"adapter":"hci1","adapter_address":"A0:AD:9F:73:6C:24","setup_state":"ready"},{"id":"a2dp:98:47:44:CD:73:DE","present":false,"connected":false,"adapter":"hci0","adapter_address":"B8:27:EB:43:8D:51","setup_state":"needs_setup"}]}}
/org/bluez/hci0/dev_98_47_44_CD_73_DE b true
/org/bluez/hci1/dev_98_47_44_CD_73_DE absent
2026-08-24T18:45:41,206183624-04:00
{"state":"CALL_DOWN","call":false,"output":{"desired":"wired:alsa_output.platform-3f00b840.mailbox.stereo-fallback","chosen":"wired:alsa_output.platform-3f00b840.mailbox.stereo-fallback","reason":"desired output is available","candidates":[{"id":"wired:alsa_output.platform-3f00b840.mailbox.stereo-fallback","present":true,"connected":true,"adapter":null,"adapter_address":null,"setup_state":"ready"},{"id":"a2dp:C9:5C:FD:6E:28:46","present":false,"connected":false,"adapter":"hci1","adapter_address":"A0:AD:9F:73:6C:24","setup_state":"ready"},{"id":"a2dp:50:D7:1B:74:34:D6","present":false,"connected":false,"adapter":"hci1","adapter_address":"A0:AD:9F:73:6C:24","setup_state":"ready"},{"id":"a2dp:98:47:44:CD:73:DE","present":false,"connected":false,"adapter":"hci0","adapter_address":"B8:27:EB:43:8D:51","setup_state":"needs_setup"}]}}
/org/bluez/hci0/dev_98_47_44_CD_73_DE b true
/org/bluez/hci1/dev_98_47_44_CD_73_DE absent
2026-08-24T18:45:42,278838877-04:00
{"state":"CALL_DOWN","call":false,"output":{"desired":"wired:alsa_output.platform-3f00b840.mailbox.stereo-fallback","chosen":"wired:alsa_output.platform-3f00b840.mailbox.stereo-fallback","reason":"desired output is available","candidates":[{"id":"wired:alsa_output.platform-3f00b840.mailbox.stereo-fallback","present":true,"connected":true,"adapter":null,"adapter_address":null,"setup_state":"ready"},{"id":"a2dp:C9:5C:FD:6E:28:46","present":false,"connected":false,"adapter":"hci1","adapter_address":"A0:AD:9F:73:6C:24","setup_state":"ready"},{"id":"a2dp:50:D7:1B:74:34:D6","present":false,"connected":false,"adapter":"hci1","adapter_address":"A0:AD:9F:73:6C:24","setup_state":"ready"},{"id":"a2dp:98:47:44:CD:73:DE","present":false,"connected":false,"adapter":"hci0","adapter_address":"B8:27:EB:43:8D:51","setup_state":"needs_setup"}]}}
/org/bluez/hci0/dev_98_47_44_CD_73_DE b true
/org/bluez/hci1/dev_98_47_44_CD_73_DE absent
2026-08-24T18:45:43,351823292-04:00
{"state":"CALL_DOWN","call":false,"output":{"desired":"wired:alsa_output.platform-3f00b840.mailbox.stereo-fallback","chosen":"wired:alsa_output.platform-3f00b840.mailbox.stereo-fallback","reason":"desired output is available","candidates":[{"id":"wired:alsa_output.platform-3f00b840.mailbox.stereo-fallback","present":true,"connected":true,"adapter":null,"adapter_address":null,"setup_state":"ready"},{"id":"a2dp:C9:5C:FD:6E:28:46","present":false,"connected":false,"adapter":"hci1","adapter_address":"A0:AD:9F:73:6C:24","setup_state":"ready"},{"id":"a2dp:50:D7:1B:74:34:D6","present":false,"connected":false,"adapter":"hci1","adapter_address":"A0:AD:9F:73:6C:24","setup_state":"ready"},{"id":"a2dp:98:47:44:CD:73:DE","present":false,"connected":false,"adapter":"hci0","adapter_address":"B8:27:EB:43:8D:51","setup_state":"needs_setup"}]}}
/org/bluez/hci0/dev_98_47_44_CD_73_DE b true
/org/bluez/hci1/dev_98_47_44_CD_73_DE absent
2026-08-24T18:45:44,424745778-04:00
{"state":"CALL_DOWN","call":false,"output":{"desired":"wired:alsa_output.platform-3f00b840.mailbox.stereo-fallback","chosen":"wired:alsa_output.platform-3f00b840.mailbox.stereo-fallback","reason":"desired output is available","candidates":[{"id":"wired:alsa_output.platform-3f00b840.mailbox.stereo-fallback","present":true,"connected":true,"adapter":null,"adapter_address":null,"setup_state":"ready"},{"id":"a2dp:C9:5C:FD:6E:28:46","present":false,"connected":false,"adapter":"hci1","adapter_address":"A0:AD:9F:73:6C:24","setup_state":"ready"},{"id":"a2dp:50:D7:1B:74:34:D6","present":false,"connected":false,"adapter":"hci1","adapter_address":"A0:AD:9F:73:6C:24","setup_state":"ready"},{"id":"a2dp:98:47:44:CD:73:DE","present":false,"connected":false,"adapter":"hci0","adapter_address":"B8:27:EB:43:8D:51","setup_state":"needs_setup"}]}}
/org/bluez/hci0/dev_98_47_44_CD_73_DE b true
/org/bluez/hci1/dev_98_47_44_CD_73_DE absent
2026-08-24T18:45:45,498022218-04:00
{"state":"CALL_DOWN","call":false,"output":{"desired":"wired:alsa_output.platform-3f00b840.mailbox.stereo-fallback","chosen":"wired:alsa_output.platform-3f00b840.mailbox.stereo-fallback","reason":"desired output is available","candidates":[{"id":"wired:alsa_output.platform-3f00b840.mailbox.stereo-fallback","present":true,"connected":true,"adapter":null,"adapter_address":null,"setup_state":"ready"},{"id":"a2dp:C9:5C:FD:6E:28:46","present":false,"connected":false,"adapter":"hci1","adapter_address":"A0:AD:9F:73:6C:24","setup_state":"ready"},{"id":"a2dp:50:D7:1B:74:34:D6","present":false,"connected":false,"adapter":"hci1","adapter_address":"A0:AD:9F:73:6C:24","setup_state":"ready"},{"id":"a2dp:98:47:44:CD:73:DE","present":false,"connected":false,"adapter":"hci0","adapter_address":"B8:27:EB:43:8D:51","setup_state":"needs_setup"}]}}
/org/bluez/hci0/dev_98_47_44_CD_73_DE b true
/org/bluez/hci1/dev_98_47_44_CD_73_DE absent
2026-08-24T18:45:46,573015106-04:00
{"state":"CALL_DOWN","call":false,"output":{"desired":"wired:alsa_output.platform-3f00b840.mailbox.stereo-fallback","chosen":"wired:alsa_output.platform-3f00b840.mailbox.stereo-fallback","reason":"desired output is available","candidates":[{"id":"wired:alsa_output.platform-3f00b840.mailbox.stereo-fallback","present":true,"connected":true,"adapter":null,"adapter_address":null,"setup_state":"ready"},{"id":"a2dp:C9:5C:FD:6E:28:46","present":false,"connected":false,"adapter":"hci1","adapter_address":"A0:AD:9F:73:6C:24","setup_state":"ready"},{"id":"a2dp:50:D7:1B:74:34:D6","present":false,"connected":false,"adapter":"hci1","adapter_address":"A0:AD:9F:73:6C:24","setup_state":"ready"},{"id":"a2dp:98:47:44:CD:73:DE","present":false,"connected":false,"adapter":"hci0","adapter_address":"B8:27:EB:43:8D:51","setup_state":"needs_setup"}]}}
/org/bluez/hci0/dev_98_47_44_CD_73_DE b true
/org/bluez/hci1/dev_98_47_44_CD_73_DE absent
2026-08-24T18:45:47,647015704-04:00
{"state":"CALL_DOWN","call":false,"output":{"desired":"wired:alsa_output.platform-3f00b840.mailbox.stereo-fallback","chosen":"wired:alsa_output.platform-3f00b840.mailbox.stereo-fallback","reason":"desired output is available","candidates":[{"id":"wired:alsa_output.platform-3f00b840.mailbox.stereo-fallback","present":true,"connected":true,"adapter":null,"adapter_address":null,"setup_state":"ready"},{"id":"a2dp:C9:5C:FD:6E:28:46","present":false,"connected":false,"adapter":"hci1","adapter_address":"A0:AD:9F:73:6C:24","setup_state":"ready"},{"id":"a2dp:50:D7:1B:74:34:D6","present":false,"connected":false,"adapter":"hci1","adapter_address":"A0:AD:9F:73:6C:24","setup_state":"ready"},{"id":"a2dp:98:47:44:CD:73:DE","present":false,"connected":false,"adapter":"hci0","adapter_address":"B8:27:EB:43:8D:51","setup_state":"needs_setup"}]}}
/org/bluez/hci0/dev_98_47_44_CD_73_DE b true
/org/bluez/hci1/dev_98_47_44_CD_73_DE b false
2026-08-24T18:45:48,724032901-04:00
{"state":"CALL_DOWN","call":false,"output":{"desired":"wired:alsa_output.platform-3f00b840.mailbox.stereo-fallback","chosen":"wired:alsa_output.platform-3f00b840.mailbox.stereo-fallback","reason":"desired output is available","candidates":[{"id":"wired:alsa_output.platform-3f00b840.mailbox.stereo-fallback","present":true,"connected":true,"adapter":null,"adapter_address":null,"setup_state":"ready"},{"id":"a2dp:C9:5C:FD:6E:28:46","present":false,"connected":false,"adapter":"hci1","adapter_address":"A0:AD:9F:73:6C:24","setup_state":"ready"},{"id":"a2dp:50:D7:1B:74:34:D6","present":false,"connected":false,"adapter":"hci1","adapter_address":"A0:AD:9F:73:6C:24","setup_state":"ready"},{"id":"a2dp:98:47:44:CD:73:DE","present":false,"connected":false,"adapter":"hci0","adapter_address":"B8:27:EB:43:8D:51","setup_state":"needs_setup"}]}}
/org/bluez/hci0/dev_98_47_44_CD_73_DE b true
/org/bluez/hci1/dev_98_47_44_CD_73_DE b false
2026-08-24T18:45:49,802392432-04:00
{"state":"CALL_DOWN","call":false,"output":{"desired":"wired:alsa_output.platform-3f00b840.mailbox.stereo-fallback","chosen":"wired:alsa_output.platform-3f00b840.mailbox.stereo-fallback","reason":"desired output is available","candidates":[{"id":"wired:alsa_output.platform-3f00b840.mailbox.stereo-fallback","present":true,"connected":true,"adapter":null,"adapter_address":null,"setup_state":"ready"},{"id":"a2dp:C9:5C:FD:6E:28:46","present":false,"connected":false,"adapter":"hci1","adapter_address":"A0:AD:9F:73:6C:24","setup_state":"ready"},{"id":"a2dp:50:D7:1B:74:34:D6","present":false,"connected":false,"adapter":"hci1","adapter_address":"A0:AD:9F:73:6C:24","setup_state":"ready"},{"id":"a2dp:98:47:44:CD:73:DE","present":false,"connected":false,"adapter":"hci0","adapter_address":"B8:27:EB:43:8D:51","setup_state":"needs_setup"}]}}
/org/bluez/hci0/dev_98_47_44_CD_73_DE b true
/org/bluez/hci1/dev_98_47_44_CD_73_DE b false
2026-08-24T18:45:50,876670314-04:00
{"state":"CALL_DOWN","call":false,"output":{"desired":"wired:alsa_output.platform-3f00b840.mailbox.stereo-fallback","chosen":"wired:alsa_output.platform-3f00b840.mailbox.stereo-fallback","reason":"desired output is available","candidates":[{"id":"wired:alsa_output.platform-3f00b840.mailbox.stereo-fallback","present":true,"connected":true,"adapter":null,"adapter_address":null,"setup_state":"ready"},{"id":"a2dp:C9:5C:FD:6E:28:46","present":false,"connected":false,"adapter":"hci1","adapter_address":"A0:AD:9F:73:6C:24","setup_state":"ready"},{"id":"a2dp:50:D7:1B:74:34:D6","present":false,"connected":false,"adapter":"hci1","adapter_address":"A0:AD:9F:73:6C:24","setup_state":"ready"},{"id":"a2dp:98:47:44:CD:73:DE","present":false,"connected":false,"adapter":"hci0","adapter_address":"B8:27:EB:43:8D:51","setup_state":"needs_setup"}]}}
/org/bluez/hci0/dev_98_47_44_CD_73_DE b true
/org/bluez/hci1/dev_98_47_44_CD_73_DE b false
2026-08-24T18:45:51,951283973-04:00
{"state":"CALL_DOWN","call":false,"output":{"desired":"wired:alsa_output.platform-3f00b840.mailbox.stereo-fallback","chosen":"wired:alsa_output.platform-3f00b840.mailbox.stereo-fallback","reason":"desired output is available","candidates":[{"id":"wired:alsa_output.platform-3f00b840.mailbox.stereo-fallback","present":true,"connected":true,"adapter":null,"adapter_address":null,"setup_state":"ready"},{"id":"a2dp:C9:5C:FD:6E:28:46","present":false,"connected":false,"adapter":"hci1","adapter_address":"A0:AD:9F:73:6C:24","setup_state":"ready"},{"id":"a2dp:50:D7:1B:74:34:D6","present":false,"connected":false,"adapter":"hci1","adapter_address":"A0:AD:9F:73:6C:24","setup_state":"ready"},{"id":"a2dp:98:47:44:CD:73:DE","present":false,"connected":false,"adapter":"hci0","adapter_address":"B8:27:EB:43:8D:51","setup_state":"needs_setup"}]}}
/org/bluez/hci0/dev_98_47_44_CD_73_DE b true
/org/bluez/hci1/dev_98_47_44_CD_73_DE b false
2026-08-24T18:45:53,025981535-04:00
{"state":"CALL_DOWN","call":false,"output":{"desired":"wired:alsa_output.platform-3f00b840.mailbox.stereo-fallback","chosen":"wired:alsa_output.platform-3f00b840.mailbox.stereo-fallback","reason":"desired output is available","candidates":[{"id":"wired:alsa_output.platform-3f00b840.mailbox.stereo-fallback","present":true,"connected":true,"adapter":null,"adapter_address":null,"setup_state":"ready"},{"id":"a2dp:C9:5C:FD:6E:28:46","present":false,"connected":false,"adapter":"hci1","adapter_address":"A0:AD:9F:73:6C:24","setup_state":"ready"},{"id":"a2dp:50:D7:1B:74:34:D6","present":false,"connected":false,"adapter":"hci1","adapter_address":"A0:AD:9F:73:6C:24","setup_state":"ready"},{"id":"a2dp:98:47:44:CD:73:DE","present":false,"connected":false,"adapter":"hci0","adapter_address":"B8:27:EB:43:8D:51","setup_state":"needs_setup"}]}}
/org/bluez/hci0/dev_98_47_44_CD_73_DE b true
/org/bluez/hci1/dev_98_47_44_CD_73_DE b false
2026-08-24T18:45:54,100809458-04:00
{"state":"CALL_DOWN","call":false,"output":{"desired":"wired:alsa_output.platform-3f00b840.mailbox.stereo-fallback","chosen":"wired:alsa_output.platform-3f00b840.mailbox.stereo-fallback","reason":"desired output is available","candidates":[{"id":"wired:alsa_output.platform-3f00b840.mailbox.stereo-fallback","present":true,"connected":true,"adapter":null,"adapter_address":null,"setup_state":"ready"},{"id":"a2dp:C9:5C:FD:6E:28:46","present":false,"connected":false,"adapter":"hci1","adapter_address":"A0:AD:9F:73:6C:24","setup_state":"ready"},{"id":"a2dp:50:D7:1B:74:34:D6","present":false,"connected":false,"adapter":"hci1","adapter_address":"A0:AD:9F:73:6C:24","setup_state":"ready"},{"id":"a2dp:98:47:44:CD:73:DE","present":false,"connected":false,"adapter":"hci0","adapter_address":"B8:27:EB:43:8D:51","setup_state":"needs_setup"}]}}
/org/bluez/hci0/dev_98_47_44_CD_73_DE b true
/org/bluez/hci1/dev_98_47_44_CD_73_DE b false
2026-08-24T18:45:55,182274015-04:00
{"state":"CALL_DOWN","call":false,"output":{"desired":"wired:alsa_output.platform-3f00b840.mailbox.stereo-fallback","chosen":"wired:alsa_output.platform-3f00b840.mailbox.stereo-fallback","reason":"desired output is available","candidates":[{"id":"wired:alsa_output.platform-3f00b840.mailbox.stereo-fallback","present":true,"connected":true,"adapter":null,"adapter_address":null,"setup_state":"ready"},{"id":"a2dp:C9:5C:FD:6E:28:46","present":false,"connected":false,"adapter":"hci1","adapter_address":"A0:AD:9F:73:6C:24","setup_state":"ready"},{"id":"a2dp:50:D7:1B:74:34:D6","present":false,"connected":false,"adapter":"hci1","adapter_address":"A0:AD:9F:73:6C:24","setup_state":"ready"},{"id":"a2dp:98:47:44:CD:73:DE","present":false,"connected":false,"adapter":"hci0","adapter_address":"B8:27:EB:43:8D:51","setup_state":"needs_setup"}]}}
/org/bluez/hci0/dev_98_47_44_CD_73_DE b true
/org/bluez/hci1/dev_98_47_44_CD_73_DE b false
2026-08-24T18:45:56,256455010-04:00
{"state":"CALL_DOWN","call":false,"output":{"desired":"wired:alsa_output.platform-3f00b840.mailbox.stereo-fallback","chosen":"wired:alsa_output.platform-3f00b840.mailbox.stereo-fallback","reason":"desired output is available","candidates":[{"id":"wired:alsa_output.platform-3f00b840.mailbox.stereo-fallback","present":true,"connected":true,"adapter":null,"adapter_address":null,"setup_state":"ready"},{"id":"a2dp:C9:5C:FD:6E:28:46","present":false,"connected":false,"adapter":"hci1","adapter_address":"A0:AD:9F:73:6C:24","setup_state":"ready"},{"id":"a2dp:50:D7:1B:74:34:D6","present":false,"connected":false,"adapter":"hci1","adapter_address":"A0:AD:9F:73:6C:24","setup_state":"ready"},{"id":"a2dp:98:47:44:CD:73:DE","present":false,"connected":false,"adapter":"hci0","adapter_address":"B8:27:EB:43:8D:51","setup_state":"needs_setup"}]}}
/org/bluez/hci0/dev_98_47_44_CD_73_DE b true
/org/bluez/hci1/dev_98_47_44_CD_73_DE b false
2026-08-24T18:45:57,332832398-04:00
{"state":"CALL_DOWN","call":false,"output":{"desired":"wired:alsa_output.platform-3f00b840.mailbox.stereo-fallback","chosen":"wired:alsa_output.platform-3f00b840.mailbox.stereo-fallback","reason":"desired output is available","candidates":[{"id":"wired:alsa_output.platform-3f00b840.mailbox.stereo-fallback","present":true,"connected":true,"adapter":null,"adapter_address":null,"setup_state":"ready"},{"id":"a2dp:C9:5C:FD:6E:28:46","present":false,"connected":false,"adapter":"hci1","adapter_address":"A0:AD:9F:73:6C:24","setup_state":"ready"},{"id":"a2dp:50:D7:1B:74:34:D6","present":false,"connected":false,"adapter":"hci1","adapter_address":"A0:AD:9F:73:6C:24","setup_state":"ready"},{"id":"a2dp:98:47:44:CD:73:DE","present":false,"connected":false,"adapter":"hci0","adapter_address":"B8:27:EB:43:8D:51","setup_state":"needs_setup"}]}}
/org/bluez/hci0/dev_98_47_44_CD_73_DE b true
/org/bluez/hci1/dev_98_47_44_CD_73_DE b false
2026-08-24T18:45:58,406992919-04:00
{"state":"CALL_DOWN","call":false,"output":{"desired":"wired:alsa_output.platform-3f00b840.mailbox.stereo-fallback","chosen":"wired:alsa_output.platform-3f00b840.mailbox.stereo-fallback","reason":"desired output is available","candidates":[{"id":"wired:alsa_output.platform-3f00b840.mailbox.stereo-fallback","present":true,"connected":true,"adapter":null,"adapter_address":null,"setup_state":"ready"},{"id":"a2dp:C9:5C:FD:6E:28:46","present":false,"connected":false,"adapter":"hci1","adapter_address":"A0:AD:9F:73:6C:24","setup_state":"ready"},{"id":"a2dp:50:D7:1B:74:34:D6","present":false,"connected":false,"adapter":"hci1","adapter_address":"A0:AD:9F:73:6C:24","setup_state":"ready"},{"id":"a2dp:98:47:44:CD:73:DE","present":false,"connected":false,"adapter":"hci0","adapter_address":"B8:27:EB:43:8D:51","setup_state":"needs_setup"}]}}
/org/bluez/hci0/dev_98_47_44_CD_73_DE b true
/org/bluez/hci1/dev_98_47_44_CD_73_DE b false
2026-08-24T18:45:59,480351567-04:00
{"state":"CALL_DOWN","call":false,"output":{"desired":"wired:alsa_output.platform-3f00b840.mailbox.stereo-fallback","chosen":"wired:alsa_output.platform-3f00b840.mailbox.stereo-fallback","reason":"desired output is available","candidates":[{"id":"wired:alsa_output.platform-3f00b840.mailbox.stereo-fallback","present":true,"connected":true,"adapter":null,"adapter_address":null,"setup_state":"ready"},{"id":"a2dp:C9:5C:FD:6E:28:46","present":false,"connected":false,"adapter":"hci1","adapter_address":"A0:AD:9F:73:6C:24","setup_state":"ready"},{"id":"a2dp:50:D7:1B:74:34:D6","present":false,"connected":false,"adapter":"hci1","adapter_address":"A0:AD:9F:73:6C:24","setup_state":"ready"},{"id":"a2dp:98:47:44:CD:73:DE","present":false,"connected":false,"adapter":"hci0","adapter_address":"B8:27:EB:43:8D:51","setup_state":"needs_setup"}]}}
/org/bluez/hci0/dev_98_47_44_CD_73_DE b true
/org/bluez/hci1/dev_98_47_44_CD_73_DE b false
2026-08-24T18:46:00,553631723-04:00
{"state":"CALL_DOWN","call":false,"output":{"desired":"wired:alsa_output.platform-3f00b840.mailbox.stereo-fallback","chosen":"wired:alsa_output.platform-3f00b840.mailbox.stereo-fallback","reason":"desired output is available","candidates":[{"id":"wired:alsa_output.platform-3f00b840.mailbox.stereo-fallback","present":true,"connected":true,"adapter":null,"adapter_address":null,"setup_state":"ready"},{"id":"a2dp:C9:5C:FD:6E:28:46","present":false,"connected":false,"adapter":"hci1","adapter_address":"A0:AD:9F:73:6C:24","setup_state":"ready"},{"id":"a2dp:50:D7:1B:74:34:D6","present":false,"connected":false,"adapter":"hci1","adapter_address":"A0:AD:9F:73:6C:24","setup_state":"ready"},{"id":"a2dp:98:47:44:CD:73:DE","present":false,"connected":false,"adapter":"hci0","adapter_address":"B8:27:EB:43:8D:51","setup_state":"needs_setup"}]}}
/org/bluez/hci0/dev_98_47_44_CD_73_DE b true
/org/bluez/hci1/dev_98_47_44_CD_73_DE b false
2026-08-24T18:46:01,628250777-04:00
{"state":"CALL_DOWN","call":false,"output":{"desired":"wired:alsa_output.platform-3f00b840.mailbox.stereo-fallback","chosen":"wired:alsa_output.platform-3f00b840.mailbox.stereo-fallback","reason":"desired output is available","candidates":[{"id":"wired:alsa_output.platform-3f00b840.mailbox.stereo-fallback","present":true,"connected":true,"adapter":null,"adapter_address":null,"setup_state":"ready"},{"id":"a2dp:C9:5C:FD:6E:28:46","present":false,"connected":false,"adapter":"hci1","adapter_address":"A0:AD:9F:73:6C:24","setup_state":"ready"},{"id":"a2dp:50:D7:1B:74:34:D6","present":false,"connected":false,"adapter":"hci1","adapter_address":"A0:AD:9F:73:6C:24","setup_state":"ready"},{"id":"a2dp:98:47:44:CD:73:DE","present":false,"connected":false,"adapter":"hci0","adapter_address":"B8:27:EB:43:8D:51","setup_state":"needs_setup"}]}}
/org/bluez/hci0/dev_98_47_44_CD_73_DE b true
/org/bluez/hci1/dev_98_47_44_CD_73_DE b false
2026-08-24T18:46:02,702207487-04:00
{"state":"CALL_DOWN","call":false,"output":{"desired":"wired:alsa_output.platform-3f00b840.mailbox.stereo-fallback","chosen":"wired:alsa_output.platform-3f00b840.mailbox.stereo-fallback","reason":"desired output is available","candidates":[{"id":"wired:alsa_output.platform-3f00b840.mailbox.stereo-fallback","present":true,"connected":true,"adapter":null,"adapter_address":null,"setup_state":"ready"},{"id":"a2dp:C9:5C:FD:6E:28:46","present":false,"connected":false,"adapter":"hci1","adapter_address":"A0:AD:9F:73:6C:24","setup_state":"ready"},{"id":"a2dp:50:D7:1B:74:34:D6","present":false,"connected":false,"adapter":"hci1","adapter_address":"A0:AD:9F:73:6C:24","setup_state":"ready"},{"id":"a2dp:98:47:44:CD:73:DE","present":false,"connected":false,"adapter":"hci0","adapter_address":"B8:27:EB:43:8D:51","setup_state":"needs_setup"}]}}
/org/bluez/hci0/dev_98_47_44_CD_73_DE b true
/org/bluez/hci1/dev_98_47_44_CD_73_DE b false
2026-08-24T18:46:03,775611125-04:00
{"state":"CALL_DOWN","call":false,"output":{"desired":"wired:alsa_output.platform-3f00b840.mailbox.stereo-fallback","chosen":"wired:alsa_output.platform-3f00b840.mailbox.stereo-fallback","reason":"desired output is available","candidates":[{"id":"wired:alsa_output.platform-3f00b840.mailbox.stereo-fallback","present":true,"connected":true,"adapter":null,"adapter_address":null,"setup_state":"ready"},{"id":"a2dp:C9:5C:FD:6E:28:46","present":false,"connected":false,"adapter":"hci1","adapter_address":"A0:AD:9F:73:6C:24","setup_state":"ready"},{"id":"a2dp:50:D7:1B:74:34:D6","present":false,"connected":false,"adapter":"hci1","adapter_address":"A0:AD:9F:73:6C:24","setup_state":"ready"},{"id":"a2dp:98:47:44:CD:73:DE","present":false,"connected":false,"adapter":"hci0","adapter_address":"B8:27:EB:43:8D:51","setup_state":"needs_setup"}]}}
/org/bluez/hci0/dev_98_47_44_CD_73_DE b true
/org/bluez/hci1/dev_98_47_44_CD_73_DE b false
2026-08-24T18:46:04,860049136-04:00
{"state":"CALL_DOWN","call":false,"output":{"desired":"wired:alsa_output.platform-3f00b840.mailbox.stereo-fallback","chosen":"wired:alsa_output.platform-3f00b840.mailbox.stereo-fallback","reason":"desired output is available","candidates":[{"id":"wired:alsa_output.platform-3f00b840.mailbox.stereo-fallback","present":true,"connected":true,"adapter":null,"adapter_address":null,"setup_state":"ready"},{"id":"a2dp:C9:5C:FD:6E:28:46","present":false,"connected":false,"adapter":"hci1","adapter_address":"A0:AD:9F:73:6C:24","setup_state":"ready"},{"id":"a2dp:50:D7:1B:74:34:D6","present":false,"connected":false,"adapter":"hci1","adapter_address":"A0:AD:9F:73:6C:24","setup_state":"ready"},{"id":"a2dp:98:47:44:CD:73:DE","present":false,"connected":false,"adapter":"hci0","adapter_address":"B8:27:EB:43:8D:51","setup_state":"needs_setup"}]}}
/org/bluez/hci0/dev_98_47_44_CD_73_DE b true
/org/bluez/hci1/dev_98_47_44_CD_73_DE b false
2026-08-24T18:46:05,945532608-04:00
{"state":"CALL_DOWN","call":false,"output":{"desired":"wired:alsa_output.platform-3f00b840.mailbox.stereo-fallback","chosen":"wired:alsa_output.platform-3f00b840.mailbox.stereo-fallback","reason":"desired output is available","candidates":[{"id":"wired:alsa_output.platform-3f00b840.mailbox.stereo-fallback","present":true,"connected":true,"adapter":null,"adapter_address":null,"setup_state":"ready"},{"id":"a2dp:C9:5C:FD:6E:28:46","present":false,"connected":false,"adapter":"hci1","adapter_address":"A0:AD:9F:73:6C:24","setup_state":"ready"},{"id":"a2dp:50:D7:1B:74:34:D6","present":false,"connected":false,"adapter":"hci1","adapter_address":"A0:AD:9F:73:6C:24","setup_state":"ready"},{"id":"a2dp:98:47:44:CD:73:DE","present":false,"connected":false,"adapter":"hci0","adapter_address":"B8:27:EB:43:8D:51","setup_state":"needs_setup"}]}}
/org/bluez/hci0/dev_98_47_44_CD_73_DE b true
/org/bluez/hci1/dev_98_47_44_CD_73_DE b false
2026-08-24T18:46:07,034579342-04:00
{"state":"CALL_DOWN","call":false,"output":{"desired":"wired:alsa_output.platform-3f00b840.mailbox.stereo-fallback","chosen":"wired:alsa_output.platform-3f00b840.mailbox.stereo-fallback","reason":"desired output is available","candidates":[{"id":"wired:alsa_output.platform-3f00b840.mailbox.stereo-fallback","present":true,"connected":true,"adapter":null,"adapter_address":null,"setup_state":"ready"},{"id":"a2dp:C9:5C:FD:6E:28:46","present":false,"connected":false,"adapter":"hci1","adapter_address":"A0:AD:9F:73:6C:24","setup_state":"ready"},{"id":"a2dp:50:D7:1B:74:34:D6","present":false,"connected":false,"adapter":"hci1","adapter_address":"A0:AD:9F:73:6C:24","setup_state":"ready"},{"id":"a2dp:98:47:44:CD:73:DE","present":false,"connected":false,"adapter":"hci0","adapter_address":"B8:27:EB:43:8D:51","setup_state":"needs_setup"}]}}
/org/bluez/hci0/dev_98_47_44_CD_73_DE b true
/org/bluez/hci1/dev_98_47_44_CD_73_DE b false
2026-08-24T18:46:08,107413546-04:00
{"state":"CALL_DOWN","call":false,"output":{"desired":"wired:alsa_output.platform-3f00b840.mailbox.stereo-fallback","chosen":"wired:alsa_output.platform-3f00b840.mailbox.stereo-fallback","reason":"desired output is available","candidates":[{"id":"wired:alsa_output.platform-3f00b840.mailbox.stereo-fallback","present":true,"connected":true,"adapter":null,"adapter_address":null,"setup_state":"ready"},{"id":"a2dp:C9:5C:FD:6E:28:46","present":false,"connected":false,"adapter":"hci1","adapter_address":"A0:AD:9F:73:6C:24","setup_state":"ready"},{"id":"a2dp:50:D7:1B:74:34:D6","present":false,"connected":false,"adapter":"hci1","adapter_address":"A0:AD:9F:73:6C:24","setup_state":"ready"},{"id":"a2dp:98:47:44:CD:73:DE","present":false,"connected":false,"adapter":"hci0","adapter_address":"B8:27:EB:43:8D:51","setup_state":"needs_setup"}]}}
/org/bluez/hci0/dev_98_47_44_CD_73_DE b true
/org/bluez/hci1/dev_98_47_44_CD_73_DE b false
2026-08-24T18:46:09,196386785-04:00
{"state":"CALL_DOWN","call":false,"output":{"desired":"wired:alsa_output.platform-3f00b840.mailbox.stereo-fallback","chosen":"wired:alsa_output.platform-3f00b840.mailbox.stereo-fallback","reason":"desired output is available","candidates":[{"id":"wired:alsa_output.platform-3f00b840.mailbox.stereo-fallback","present":true,"connected":true,"adapter":null,"adapter_address":null,"setup_state":"ready"},{"id":"a2dp:C9:5C:FD:6E:28:46","present":false,"connected":false,"adapter":"hci1","adapter_address":"A0:AD:9F:73:6C:24","setup_state":"ready"},{"id":"a2dp:50:D7:1B:74:34:D6","present":false,"connected":false,"adapter":"hci1","adapter_address":"A0:AD:9F:73:6C:24","setup_state":"ready"},{"id":"a2dp:98:47:44:CD:73:DE","present":false,"connected":false,"adapter":"hci0","adapter_address":"B8:27:EB:43:8D:51","setup_state":"needs_setup"}]}}
/org/bluez/hci0/dev_98_47_44_CD_73_DE b true
/org/bluez/hci1/dev_98_47_44_CD_73_DE b false
2026-08-24T18:46:10,270692436-04:00
{"state":"CALL_DOWN","call":false,"output":{"desired":"wired:alsa_output.platform-3f00b840.mailbox.stereo-fallback","chosen":"wired:alsa_output.platform-3f00b840.mailbox.stereo-fallback","reason":"desired output is available","candidates":[{"id":"wired:alsa_output.platform-3f00b840.mailbox.stereo-fallback","present":true,"connected":true,"adapter":null,"adapter_address":null,"setup_state":"ready"},{"id":"a2dp:C9:5C:FD:6E:28:46","present":false,"connected":false,"adapter":"hci1","adapter_address":"A0:AD:9F:73:6C:24","setup_state":"ready"},{"id":"a2dp:50:D7:1B:74:34:D6","present":false,"connected":false,"adapter":"hci1","adapter_address":"A0:AD:9F:73:6C:24","setup_state":"ready"},{"id":"a2dp:98:47:44:CD:73:DE","present":false,"connected":false,"adapter":"hci0","adapter_address":"B8:27:EB:43:8D:51","setup_state":"needs_setup"}]}}
/org/bluez/hci0/dev_98_47_44_CD_73_DE b true
/org/bluez/hci1/dev_98_47_44_CD_73_DE b false
2026-08-24T18:46:11,355353973-04:00
{"state":"CALL_DOWN","call":false,"output":{"desired":"wired:alsa_output.platform-3f00b840.mailbox.stereo-fallback","chosen":"wired:alsa_output.platform-3f00b840.mailbox.stereo-fallback","reason":"desired output is available","candidates":[{"id":"wired:alsa_output.platform-3f00b840.mailbox.stereo-fallback","present":true,"connected":true,"adapter":null,"adapter_address":null,"setup_state":"ready"},{"id":"a2dp:C9:5C:FD:6E:28:46","present":false,"connected":false,"adapter":"hci1","adapter_address":"A0:AD:9F:73:6C:24","setup_state":"ready"},{"id":"a2dp:50:D7:1B:74:34:D6","present":false,"connected":false,"adapter":"hci1","adapter_address":"A0:AD:9F:73:6C:24","setup_state":"ready"},{"id":"a2dp:98:47:44:CD:73:DE","present":false,"connected":false,"adapter":"hci0","adapter_address":"B8:27:EB:43:8D:51","setup_state":"needs_setup"}]}}
/org/bluez/hci0/dev_98_47_44_CD_73_DE b true
/org/bluez/hci1/dev_98_47_44_CD_73_DE absent
2026-08-24T18:46:12,428220667-04:00
{"state":"CALL_DOWN","call":false,"output":{"desired":"wired:alsa_output.platform-3f00b840.mailbox.stereo-fallback","chosen":"wired:alsa_output.platform-3f00b840.mailbox.stereo-fallback","reason":"desired output is available","candidates":[{"id":"wired:alsa_output.platform-3f00b840.mailbox.stereo-fallback","present":true,"connected":true,"adapter":null,"adapter_address":null,"setup_state":"ready"},{"id":"a2dp:C9:5C:FD:6E:28:46","present":false,"connected":false,"adapter":"hci1","adapter_address":"A0:AD:9F:73:6C:24","setup_state":"ready"},{"id":"a2dp:50:D7:1B:74:34:D6","present":false,"connected":false,"adapter":"hci1","adapter_address":"A0:AD:9F:73:6C:24","setup_state":"ready"},{"id":"a2dp:98:47:44:CD:73:DE","present":false,"connected":false,"adapter":"hci0","adapter_address":"B8:27:EB:43:8D:51","setup_state":"needs_setup"}]}}
/org/bluez/hci0/dev_98_47_44_CD_73_DE b true
/org/bluez/hci1/dev_98_47_44_CD_73_DE absent
2026-08-24T18:46:13,513017980-04:00
{"state":"CALL_DOWN","call":false,"output":{"desired":"wired:alsa_output.platform-3f00b840.mailbox.stereo-fallback","chosen":"wired:alsa_output.platform-3f00b840.mailbox.stereo-fallback","reason":"desired output is available","candidates":[{"id":"wired:alsa_output.platform-3f00b840.mailbox.stereo-fallback","present":true,"connected":true,"adapter":null,"adapter_address":null,"setup_state":"ready"},{"id":"a2dp:C9:5C:FD:6E:28:46","present":false,"connected":false,"adapter":"hci1","adapter_address":"A0:AD:9F:73:6C:24","setup_state":"ready"},{"id":"a2dp:50:D7:1B:74:34:D6","present":false,"connected":false,"adapter":"hci1","adapter_address":"A0:AD:9F:73:6C:24","setup_state":"ready"},{"id":"a2dp:98:47:44:CD:73:DE","present":false,"connected":false,"adapter":"hci0","adapter_address":"B8:27:EB:43:8D:51","setup_state":"needs_setup"}]}}
/org/bluez/hci0/dev_98_47_44_CD_73_DE b true
/org/bluez/hci1/dev_98_47_44_CD_73_DE absent
2026-08-24T18:46:14,586033627-04:00
{"state":"CALL_DOWN","call":false,"output":{"desired":"wired:alsa_output.platform-3f00b840.mailbox.stereo-fallback","chosen":"wired:alsa_output.platform-3f00b840.mailbox.stereo-fallback","reason":"desired output is available","candidates":[{"id":"wired:alsa_output.platform-3f00b840.mailbox.stereo-fallback","present":true,"connected":true,"adapter":null,"adapter_address":null,"setup_state":"ready"},{"id":"a2dp:C9:5C:FD:6E:28:46","present":false,"connected":false,"adapter":"hci1","adapter_address":"A0:AD:9F:73:6C:24","setup_state":"ready"},{"id":"a2dp:50:D7:1B:74:34:D6","present":false,"connected":false,"adapter":"hci1","adapter_address":"A0:AD:9F:73:6C:24","setup_state":"ready"},{"id":"a2dp:98:47:44:CD:73:DE","present":false,"connected":false,"adapter":"hci0","adapter_address":"B8:27:EB:43:8D:51","setup_state":"needs_setup"}]}}
/org/bluez/hci0/dev_98_47_44_CD_73_DE b true
/org/bluez/hci1/dev_98_47_44_CD_73_DE absent
2026-08-24T18:46:15,658881304-04:00
{"state":"CALL_DOWN","call":false,"output":{"desired":"wired:alsa_output.platform-3f00b840.mailbox.stereo-fallback","chosen":"wired:alsa_output.platform-3f00b840.mailbox.stereo-fallback","reason":"desired output is available","candidates":[{"id":"wired:alsa_output.platform-3f00b840.mailbox.stereo-fallback","present":true,"connected":true,"adapter":null,"adapter_address":null,"setup_state":"ready"},{"id":"a2dp:C9:5C:FD:6E:28:46","present":false,"connected":false,"adapter":"hci1","adapter_address":"A0:AD:9F:73:6C:24","setup_state":"ready"},{"id":"a2dp:50:D7:1B:74:34:D6","present":false,"connected":false,"adapter":"hci1","adapter_address":"A0:AD:9F:73:6C:24","setup_state":"ready"},{"id":"a2dp:98:47:44:CD:73:DE","present":false,"connected":false,"adapter":"hci0","adapter_address":"B8:27:EB:43:8D:51","setup_state":"needs_setup"}]}}
/org/bluez/hci0/dev_98_47_44_CD_73_DE b true
/org/bluez/hci1/dev_98_47_44_CD_73_DE absent
2026-08-24T18:46:16,731569136-04:00
{"state":"CALL_DOWN","call":false,"output":{"desired":"wired:alsa_output.platform-3f00b840.mailbox.stereo-fallback","chosen":"wired:alsa_output.platform-3f00b840.mailbox.stereo-fallback","reason":"desired output is available","candidates":[{"id":"wired:alsa_output.platform-3f00b840.mailbox.stereo-fallback","present":true,"connected":true,"adapter":null,"adapter_address":null,"setup_state":"ready"},{"id":"a2dp:C9:5C:FD:6E:28:46","present":false,"connected":false,"adapter":"hci1","adapter_address":"A0:AD:9F:73:6C:24","setup_state":"ready"},{"id":"a2dp:50:D7:1B:74:34:D6","present":false,"connected":false,"adapter":"hci1","adapter_address":"A0:AD:9F:73:6C:24","setup_state":"ready"},{"id":"a2dp:98:47:44:CD:73:DE","present":false,"connected":false,"adapter":"hci0","adapter_address":"B8:27:EB:43:8D:51","setup_state":"needs_setup"}]}}
/org/bluez/hci0/dev_98_47_44_CD_73_DE b true
/org/bluez/hci1/dev_98_47_44_CD_73_DE absent
2026-08-24T18:46:17,804781286-04:00
{"state":"CALL_DOWN","call":false,"output":{"desired":"wired:alsa_output.platform-3f00b840.mailbox.stereo-fallback","chosen":"wired:alsa_output.platform-3f00b840.mailbox.stereo-fallback","reason":"desired output is available","candidates":[{"id":"wired:alsa_output.platform-3f00b840.mailbox.stereo-fallback","present":true,"connected":true,"adapter":null,"adapter_address":null,"setup_state":"ready"},{"id":"a2dp:C9:5C:FD:6E:28:46","present":false,"connected":false,"adapter":"hci1","adapter_address":"A0:AD:9F:73:6C:24","setup_state":"ready"},{"id":"a2dp:50:D7:1B:74:34:D6","present":false,"connected":false,"adapter":"hci1","adapter_address":"A0:AD:9F:73:6C:24","setup_state":"ready"},{"id":"a2dp:98:47:44:CD:73:DE","present":false,"connected":false,"adapter":"hci0","adapter_address":"B8:27:EB:43:8D:51","setup_state":"needs_setup"}]}}
/org/bluez/hci0/dev_98_47_44_CD_73_DE b true
/org/bluez/hci1/dev_98_47_44_CD_73_DE absent
2026-08-24T18:46:18,877655778-04:00
{"state":"CALL_DOWN","call":false,"output":{"desired":"wired:alsa_output.platform-3f00b840.mailbox.stereo-fallback","chosen":"wired:alsa_output.platform-3f00b840.mailbox.stereo-fallback","reason":"desired output is available","candidates":[{"id":"wired:alsa_output.platform-3f00b840.mailbox.stereo-fallback","present":true,"connected":true,"adapter":null,"adapter_address":null,"setup_state":"ready"},{"id":"a2dp:C9:5C:FD:6E:28:46","present":false,"connected":false,"adapter":"hci1","adapter_address":"A0:AD:9F:73:6C:24","setup_state":"ready"},{"id":"a2dp:50:D7:1B:74:34:D6","present":false,"connected":false,"adapter":"hci1","adapter_address":"A0:AD:9F:73:6C:24","setup_state":"ready"},{"id":"a2dp:98:47:44:CD:73:DE","present":false,"connected":false,"adapter":"hci0","adapter_address":"B8:27:EB:43:8D:51","setup_state":"needs_setup"}]}}
/org/bluez/hci0/dev_98_47_44_CD_73_DE b true
/org/bluez/hci1/dev_98_47_44_CD_73_DE absent
2026-08-24T18:46:19,950649696-04:00
{"state":"CALL_DOWN","call":false,"output":{"desired":"wired:alsa_output.platform-3f00b840.mailbox.stereo-fallback","chosen":"wired:alsa_output.platform-3f00b840.mailbox.stereo-fallback","reason":"desired output is available","candidates":[{"id":"wired:alsa_output.platform-3f00b840.mailbox.stereo-fallback","present":true,"connected":true,"adapter":null,"adapter_address":null,"setup_state":"ready"},{"id":"a2dp:C9:5C:FD:6E:28:46","present":false,"connected":false,"adapter":"hci1","adapter_address":"A0:AD:9F:73:6C:24","setup_state":"ready"},{"id":"a2dp:50:D7:1B:74:34:D6","present":false,"connected":false,"adapter":"hci1","adapter_address":"A0:AD:9F:73:6C:24","setup_state":"ready"},{"id":"a2dp:98:47:44:CD:73:DE","present":false,"connected":false,"adapter":"hci0","adapter_address":"B8:27:EB:43:8D:51","setup_state":"needs_setup"}]}}
/org/bluez/hci0/dev_98_47_44_CD_73_DE b true
/org/bluez/hci1/dev_98_47_44_CD_73_DE absent
2026-08-24T18:46:21,023468299-04:00
{"state":"CALL_DOWN","call":false,"output":{"desired":"wired:alsa_output.platform-3f00b840.mailbox.stereo-fallback","chosen":"wired:alsa_output.platform-3f00b840.mailbox.stereo-fallback","reason":"desired output is available","candidates":[{"id":"wired:alsa_output.platform-3f00b840.mailbox.stereo-fallback","present":true,"connected":true,"adapter":null,"adapter_address":null,"setup_state":"ready"},{"id":"a2dp:C9:5C:FD:6E:28:46","present":false,"connected":false,"adapter":"hci1","adapter_address":"A0:AD:9F:73:6C:24","setup_state":"ready"},{"id":"a2dp:50:D7:1B:74:34:D6","present":false,"connected":false,"adapter":"hci1","adapter_address":"A0:AD:9F:73:6C:24","setup_state":"ready"},{"id":"a2dp:98:47:44:CD:73:DE","present":false,"connected":false,"adapter":"hci0","adapter_address":"B8:27:EB:43:8D:51","setup_state":"needs_setup"}]}}
/org/bluez/hci0/dev_98_47_44_CD_73_DE b true
/org/bluez/hci1/dev_98_47_44_CD_73_DE absent
2026-08-24T18:46:22,096271847-04:00
{"state":"CALL_DOWN","call":false,"output":{"desired":"wired:alsa_output.platform-3f00b840.mailbox.stereo-fallback","chosen":"wired:alsa_output.platform-3f00b840.mailbox.stereo-fallback","reason":"desired output is available","candidates":[{"id":"wired:alsa_output.platform-3f00b840.mailbox.stereo-fallback","present":true,"connected":true,"adapter":null,"adapter_address":null,"setup_state":"ready"},{"id":"a2dp:C9:5C:FD:6E:28:46","present":false,"connected":false,"adapter":"hci1","adapter_address":"A0:AD:9F:73:6C:24","setup_state":"ready"},{"id":"a2dp:50:D7:1B:74:34:D6","present":false,"connected":false,"adapter":"hci1","adapter_address":"A0:AD:9F:73:6C:24","setup_state":"ready"},{"id":"a2dp:98:47:44:CD:73:DE","present":false,"connected":false,"adapter":"hci0","adapter_address":"B8:27:EB:43:8D:51","setup_state":"needs_setup"}]}}
/org/bluez/hci0/dev_98_47_44_CD_73_DE b true
/org/bluez/hci1/dev_98_47_44_CD_73_DE absent
2026-08-24T18:46:23,169189247-04:00
{"state":"CALL_DOWN","call":false,"output":{"desired":"wired:alsa_output.platform-3f00b840.mailbox.stereo-fallback","chosen":"wired:alsa_output.platform-3f00b840.mailbox.stereo-fallback","reason":"desired output is available","candidates":[{"id":"wired:alsa_output.platform-3f00b840.mailbox.stereo-fallback","present":true,"connected":true,"adapter":null,"adapter_address":null,"setup_state":"ready"},{"id":"a2dp:C9:5C:FD:6E:28:46","present":false,"connected":false,"adapter":"hci1","adapter_address":"A0:AD:9F:73:6C:24","setup_state":"ready"},{"id":"a2dp:50:D7:1B:74:34:D6","present":false,"connected":false,"adapter":"hci1","adapter_address":"A0:AD:9F:73:6C:24","setup_state":"ready"},{"id":"a2dp:98:47:44:CD:73:DE","present":false,"connected":false,"adapter":"hci0","adapter_address":"B8:27:EB:43:8D:51","setup_state":"needs_setup"}]}}
/org/bluez/hci0/dev_98_47_44_CD_73_DE b true
/org/bluez/hci1/dev_98_47_44_CD_73_DE absent
2026-08-24T18:46:24,242061698-04:00
{"state":"CALL_DOWN","call":false,"output":{"desired":"wired:alsa_output.platform-3f00b840.mailbox.stereo-fallback","chosen":"wired:alsa_output.platform-3f00b840.mailbox.stereo-fallback","reason":"desired output is available","candidates":[{"id":"wired:alsa_output.platform-3f00b840.mailbox.stereo-fallback","present":true,"connected":true,"adapter":null,"adapter_address":null,"setup_state":"ready"},{"id":"a2dp:C9:5C:FD:6E:28:46","present":false,"connected":false,"adapter":"hci1","adapter_address":"A0:AD:9F:73:6C:24","setup_state":"ready"},{"id":"a2dp:50:D7:1B:74:34:D6","present":false,"connected":false,"adapter":"hci1","adapter_address":"A0:AD:9F:73:6C:24","setup_state":"ready"},{"id":"a2dp:98:47:44:CD:73:DE","present":false,"connected":false,"adapter":"hci0","adapter_address":"B8:27:EB:43:8D:51","setup_state":"needs_setup"}]}}
/org/bluez/hci0/dev_98_47_44_CD_73_DE b true
/org/bluez/hci1/dev_98_47_44_CD_73_DE absent
2026-08-24T18:46:25,315325550-04:00
{"state":"CALL_DOWN","call":false,"output":{"desired":"wired:alsa_output.platform-3f00b840.mailbox.stereo-fallback","chosen":"wired:alsa_output.platform-3f00b840.mailbox.stereo-fallback","reason":"desired output is available","candidates":[{"id":"wired:alsa_output.platform-3f00b840.mailbox.stereo-fallback","present":true,"connected":true,"adapter":null,"adapter_address":null,"setup_state":"ready"},{"id":"a2dp:C9:5C:FD:6E:28:46","present":false,"connected":false,"adapter":"hci1","adapter_address":"A0:AD:9F:73:6C:24","setup_state":"ready"},{"id":"a2dp:50:D7:1B:74:34:D6","present":false,"connected":false,"adapter":"hci1","adapter_address":"A0:AD:9F:73:6C:24","setup_state":"ready"},{"id":"a2dp:98:47:44:CD:73:DE","present":false,"connected":false,"adapter":"hci0","adapter_address":"B8:27:EB:43:8D:51","setup_state":"needs_setup"}]}}
/org/bluez/hci0/dev_98_47_44_CD_73_DE b true
/org/bluez/hci1/dev_98_47_44_CD_73_DE absent
2026-08-24T18:46:26,388174402-04:00
{"state":"CALL_DOWN","call":false,"output":{"desired":"wired:alsa_output.platform-3f00b840.mailbox.stereo-fallback","chosen":"wired:alsa_output.platform-3f00b840.mailbox.stereo-fallback","reason":"desired output is available","candidates":[{"id":"wired:alsa_output.platform-3f00b840.mailbox.stereo-fallback","present":true,"connected":true,"adapter":null,"adapter_address":null,"setup_state":"ready"},{"id":"a2dp:C9:5C:FD:6E:28:46","present":false,"connected":false,"adapter":"hci1","adapter_address":"A0:AD:9F:73:6C:24","setup_state":"ready"},{"id":"a2dp:50:D7:1B:74:34:D6","present":false,"connected":false,"adapter":"hci1","adapter_address":"A0:AD:9F:73:6C:24","setup_state":"ready"},{"id":"a2dp:98:47:44:CD:73:DE","present":false,"connected":false,"adapter":"hci0","adapter_address":"B8:27:EB:43:8D:51","setup_state":"needs_setup"}]}}
/org/bluez/hci0/dev_98_47_44_CD_73_DE b true
/org/bluez/hci1/dev_98_47_44_CD_73_DE absent
2026-08-24T18:46:27,460982627-04:00
{"state":"CALL_DOWN","call":false,"output":{"desired":"wired:alsa_output.platform-3f00b840.mailbox.stereo-fallback","chosen":"wired:alsa_output.platform-3f00b840.mailbox.stereo-fallback","reason":"desired output is available","candidates":[{"id":"wired:alsa_output.platform-3f00b840.mailbox.stereo-fallback","present":true,"connected":true,"adapter":null,"adapter_address":null,"setup_state":"ready"},{"id":"a2dp:C9:5C:FD:6E:28:46","present":false,"connected":false,"adapter":"hci1","adapter_address":"A0:AD:9F:73:6C:24","setup_state":"ready"},{"id":"a2dp:50:D7:1B:74:34:D6","present":false,"connected":false,"adapter":"hci1","adapter_address":"A0:AD:9F:73:6C:24","setup_state":"ready"},{"id":"a2dp:98:47:44:CD:73:DE","present":false,"connected":false,"adapter":"hci0","adapter_address":"B8:27:EB:43:8D:51","setup_state":"needs_setup"}]}}
/org/bluez/hci0/dev_98_47_44_CD_73_DE b true
/org/bluez/hci1/dev_98_47_44_CD_73_DE absent
2026-08-24T18:46:28,534036942-04:00
{"state":"CALL_DOWN","call":false,"output":{"desired":"wired:alsa_output.platform-3f00b840.mailbox.stereo-fallback","chosen":"wired:alsa_output.platform-3f00b840.mailbox.stereo-fallback","reason":"desired output is available","candidates":[{"id":"wired:alsa_output.platform-3f00b840.mailbox.stereo-fallback","present":true,"connected":true,"adapter":null,"adapter_address":null,"setup_state":"ready"},{"id":"a2dp:C9:5C:FD:6E:28:46","present":false,"connected":false,"adapter":"hci1","adapter_address":"A0:AD:9F:73:6C:24","setup_state":"ready"},{"id":"a2dp:50:D7:1B:74:34:D6","present":false,"connected":false,"adapter":"hci1","adapter_address":"A0:AD:9F:73:6C:24","setup_state":"ready"},{"id":"a2dp:98:47:44:CD:73:DE","present":false,"connected":false,"adapter":"hci0","adapter_address":"B8:27:EB:43:8D:51","setup_state":"needs_setup"}]}}
/org/bluez/hci0/dev_98_47_44_CD_73_DE b true
/org/bluez/hci1/dev_98_47_44_CD_73_DE absent
2026-08-24T18:46:29,606723444-04:00
{"state":"CALL_DOWN","call":false,"output":{"desired":"wired:alsa_output.platform-3f00b840.mailbox.stereo-fallback","chosen":"wired:alsa_output.platform-3f00b840.mailbox.stereo-fallback","reason":"desired output is available","candidates":[{"id":"wired:alsa_output.platform-3f00b840.mailbox.stereo-fallback","present":true,"connected":true,"adapter":null,"adapter_address":null,"setup_state":"ready"},{"id":"a2dp:C9:5C:FD:6E:28:46","present":false,"connected":false,"adapter":"hci1","adapter_address":"A0:AD:9F:73:6C:24","setup_state":"ready"},{"id":"a2dp:50:D7:1B:74:34:D6","present":false,"connected":false,"adapter":"hci1","adapter_address":"A0:AD:9F:73:6C:24","setup_state":"ready"},{"id":"a2dp:98:47:44:CD:73:DE","present":false,"connected":false,"adapter":"hci0","adapter_address":"B8:27:EB:43:8D:51","setup_state":"needs_setup"}]}}
/org/bluez/hci0/dev_98_47_44_CD_73_DE b true
/org/bluez/hci1/dev_98_47_44_CD_73_DE absent
2026-08-24T18:46:30,679459944-04:00
{"state":"CALL_DOWN","call":false,"output":{"desired":"wired:alsa_output.platform-3f00b840.mailbox.stereo-fallback","chosen":"wired:alsa_output.platform-3f00b840.mailbox.stereo-fallback","reason":"desired output is available","candidates":[{"id":"wired:alsa_output.platform-3f00b840.mailbox.stereo-fallback","present":true,"connected":true,"adapter":null,"adapter_address":null,"setup_state":"ready"},{"id":"a2dp:C9:5C:FD:6E:28:46","present":false,"connected":false,"adapter":"hci1","adapter_address":"A0:AD:9F:73:6C:24","setup_state":"ready"},{"id":"a2dp:50:D7:1B:74:34:D6","present":false,"connected":false,"adapter":"hci1","adapter_address":"A0:AD:9F:73:6C:24","setup_state":"ready"},{"id":"a2dp:98:47:44:CD:73:DE","present":false,"connected":false,"adapter":"hci0","adapter_address":"B8:27:EB:43:8D:51","setup_state":"needs_setup"}]}}
/org/bluez/hci0/dev_98_47_44_CD_73_DE b true
/org/bluez/hci1/dev_98_47_44_CD_73_DE absent
2026-08-24T18:46:31,752760918-04:00
{"state":"CALL_DOWN","call":false,"output":{"desired":"wired:alsa_output.platform-3f00b840.mailbox.stereo-fallback","chosen":"wired:alsa_output.platform-3f00b840.mailbox.stereo-fallback","reason":"desired output is available","candidates":[{"id":"wired:alsa_output.platform-3f00b840.mailbox.stereo-fallback","present":true,"connected":true,"adapter":null,"adapter_address":null,"setup_state":"ready"},{"id":"a2dp:C9:5C:FD:6E:28:46","present":false,"connected":false,"adapter":"hci1","adapter_address":"A0:AD:9F:73:6C:24","setup_state":"ready"},{"id":"a2dp:50:D7:1B:74:34:D6","present":false,"connected":false,"adapter":"hci1","adapter_address":"A0:AD:9F:73:6C:24","setup_state":"ready"},{"id":"a2dp:98:47:44:CD:73:DE","present":false,"connected":false,"adapter":"hci0","adapter_address":"B8:27:EB:43:8D:51","setup_state":"needs_setup"}]}}
/org/bluez/hci0/dev_98_47_44_CD_73_DE b true
/org/bluez/hci1/dev_98_47_44_CD_73_DE absent
2026-08-24T18:46:32,825827359-04:00
{"state":"CALL_DOWN","call":false,"output":{"desired":"wired:alsa_output.platform-3f00b840.mailbox.stereo-fallback","chosen":"wired:alsa_output.platform-3f00b840.mailbox.stereo-fallback","reason":"desired output is available","candidates":[{"id":"wired:alsa_output.platform-3f00b840.mailbox.stereo-fallback","present":true,"connected":true,"adapter":null,"adapter_address":null,"setup_state":"ready"},{"id":"a2dp:C9:5C:FD:6E:28:46","present":false,"connected":false,"adapter":"hci1","adapter_address":"A0:AD:9F:73:6C:24","setup_state":"ready"},{"id":"a2dp:50:D7:1B:74:34:D6","present":false,"connected":false,"adapter":"hci1","adapter_address":"A0:AD:9F:73:6C:24","setup_state":"ready"},{"id":"a2dp:98:47:44:CD:73:DE","present":false,"connected":false,"adapter":"hci0","adapter_address":"B8:27:EB:43:8D:51","setup_state":"needs_setup"}]}}
/org/bluez/hci0/dev_98_47_44_CD_73_DE b true
/org/bluez/hci1/dev_98_47_44_CD_73_DE absent
2026-08-24T18:46:33,898907809-04:00
{"state":"CALL_DOWN","call":false,"output":{"desired":"wired:alsa_output.platform-3f00b840.mailbox.stereo-fallback","chosen":"wired:alsa_output.platform-3f00b840.mailbox.stereo-fallback","reason":"desired output is available","candidates":[{"id":"wired:alsa_output.platform-3f00b840.mailbox.stereo-fallback","present":true,"connected":true,"adapter":null,"adapter_address":null,"setup_state":"ready"},{"id":"a2dp:C9:5C:FD:6E:28:46","present":false,"connected":false,"adapter":"hci1","adapter_address":"A0:AD:9F:73:6C:24","setup_state":"ready"},{"id":"a2dp:50:D7:1B:74:34:D6","present":false,"connected":false,"adapter":"hci1","adapter_address":"A0:AD:9F:73:6C:24","setup_state":"ready"},{"id":"a2dp:98:47:44:CD:73:DE","present":false,"connected":false,"adapter":"hci0","adapter_address":"B8:27:EB:43:8D:51","setup_state":"needs_setup"}]}}
/org/bluez/hci0/dev_98_47_44_CD_73_DE b true
/org/bluez/hci1/dev_98_47_44_CD_73_DE absent
2026-08-24T18:46:34,972139245-04:00
{"state":"CALL_DOWN","call":false,"output":{"desired":"wired:alsa_output.platform-3f00b840.mailbox.stereo-fallback","chosen":"wired:alsa_output.platform-3f00b840.mailbox.stereo-fallback","reason":"desired output is available","candidates":[{"id":"wired:alsa_output.platform-3f00b840.mailbox.stereo-fallback","present":true,"connected":true,"adapter":null,"adapter_address":null,"setup_state":"ready"},{"id":"a2dp:C9:5C:FD:6E:28:46","present":false,"connected":false,"adapter":"hci1","adapter_address":"A0:AD:9F:73:6C:24","setup_state":"ready"},{"id":"a2dp:50:D7:1B:74:34:D6","present":false,"connected":false,"adapter":"hci1","adapter_address":"A0:AD:9F:73:6C:24","setup_state":"ready"},{"id":"a2dp:98:47:44:CD:73:DE","present":false,"connected":false,"adapter":"hci0","adapter_address":"B8:27:EB:43:8D:51","setup_state":"needs_setup"}]}}
/org/bluez/hci0/dev_98_47_44_CD_73_DE b true
/org/bluez/hci1/dev_98_47_44_CD_73_DE absent
